src/App.tsx(1,1): error TS6133: 'React' is declared but its value is never read.
src/components/Canvas.tsx(7,79): error TS6133: 'Zap' is declared but its value is never read.
src/components/Canvas.tsx(43,11): error TS6133: 'circuitStats' is declared but its value is never read.
src/components/Canvas.tsx(443,10): error TS6133: 'SRow' is declared but its value is never read.
src/components/Toolbar.tsx(4,50): error TS6133: 'ChevronRight' is declared but its value is never read.
src/engine/graph.ts(2,1): error TS6133: 'uuidv4' is declared but its value is never read.
src/engine/solver.ts(2,24): error TS6133: 'ElectricalNode' is declared but its value is never read.
